0 verbose cli C:\Program Files\nodejs\node.exe C:\Program Files\nodejs\node_modules\npm\bin\npm-cli.js
1 info using npm@10.9.3
2 info using node@v22.19.0
3 silly config load:file:C:\Program Files\nodejs\node_modules\npm\npmrc
4 silly config load:file:D:\4folios 2026\.qa\.npmrc
5 silly config load:file:C:\Users\Pau Vidal\.npmrc
6 silly config load:file:D:\4folios 2026\.qa\etc\npmrc
7 verbose title npm install playwright
8 verbose argv "install" "--prefix" ".qa" "--cache" ".qa/npm-cache" "--no-audit" "--no-fund" "playwright"
9 verbose logfile logs-max:10 dir:D:\4folios 2026\.qa\npm-cache\_logs\2026-09-28T21_09_46_946Z-
10 verbose logfile D:\4folios 2026\.qa\npm-cache\_logs\2026-09-28T21_09_46_946Z-debug-0.log
11 silly logfile done cleaning log files
12 silly packumentCache heap:4345298944 maxSize:1086324736 maxEntrySize:543162368
13 silly idealTree buildDeps
14 silly fetch manifest playwright@*
15 silly packumentCache full:https://registry.npmjs.org/playwright cache-miss
16 http fetch GET 200 https://registry.npmjs.org/npm 237ms
17 http fetch GET 200 https://registry.npmjs.org/playwright 563ms (cache miss)
18 silly packumentCache full:https://registry.npmjs.org/playwright set size:undefined disposed:false
19 silly placeDep ROOT playwright@1.63.0 OK for:  want: *
20 silly fetch manifest playwright-core@1.63.0
21 silly packumentCache full:https://registry.npmjs.org/playwright-core cache-miss
22 http fetch GET 200 https://registry.npmjs.org/playwright-core 352ms (cache miss)
23 silly packumentCache full:https://registry.npmjs.org/playwright-core set size:undefined disposed:false
24 silly placeDep ROOT playwright-core@1.63.0 OK for: playwright@1.63.0 want: 1.63.0
25 silly reify moves {}
26 http cache playwright@https://registry.npmjs.org/playwright/-/playwright-1.63.0.tgz 1ms (cache hit)
27 http cache playwright-core@https://registry.npmjs.org/playwright-core/-/playwright-core-1.63.0.tgz 0ms (cache hit)
28 silly tarball no local data for playwright@https://registry.npmjs.org/playwright/-/playwright-1.63.0.tgz. Extracting by manifest.
29 silly tarball no local data for playwright-core@https://registry.npmjs.org/playwright-core/-/playwright-core-1.63.0.tgz. Extracting by manifest.
30 http fetch GET 200 https://registry.npmjs.org/playwright/-/playwright-1.63.0.tgz 449ms (cache miss)
31 http fetch GET 200 https://registry.npmjs.org/playwright-core/-/playwright-core-1.63.0.tgz 1062ms (cache miss)
32 silly ADD node_modules/playwright-core
33 silly ADD node_modules/playwright
34 verbose cwd D:\4folios 2026
35 verbose os Windows_NT 10.0.26200
36 verbose node v22.19.0
37 verbose npm  v10.9.3
38 notice
38 notice New major version of npm available! 10.9.3 -> 12.1.0
38 notice Changelog: https://github.com/npm/cli/releases/tag/v12.1.0
38 notice To update run: npm install -g npm@12.1.0
38 notice  { force: true, [Symbol(proc-log.meta)]: true }
39 verbose exit 0
40 info ok
